--- 2026-02-28 08:39:17 ---
POST landing_image: 
FILES custom_landing: Array
(
    [name] => kali-linux-dark-3840x2160-15965.jpg
    [full_path] => kali-linux-dark-3840x2160-15965.jpg
    [type] => 
    [tmp_name] => 
    [error] => 1
    [size] => 0
)

--- 2026-02-28 08:39:53 ---
POST landing_image: 
FILES custom_landing: Array
(
    [name] => kali-linux-dark-3840x2160-15965.jpg
    [full_path] => kali-linux-dark-3840x2160-15965.jpg
    [type] => 
    [tmp_name] => 
    [error] => 1
    [size] => 0
)

--- 2026-02-28 08:52:32 ---
POST landing_image: 
FILES custom_landing: Array
(
    [name] => kali-linux-dark-3840x2160-15965.jpg
    [full_path] => kali-linux-dark-3840x2160-15965.jpg
    [type] => 
    [tmp_name] => 
    [error] => 1
    [size] => 0
)

--- 2026-02-28 08:52:42 ---
POST landing_image: https://images.unsplash.com/photo-1563986768609-322da13575f3?auto=format&fit=crop&q=80&w=1200
FILES custom_landing: Array
(
    [name] => 
    [full_path] => 
    [type] => 
    [tmp_name] => 
    [error] => 4
    [size] => 0
)

--- 2026-02-28 09:13:45 ---
POST landing_image: https://images.unsplash.com/photo-1573152958734-1922c188fba3?auto=format&fit=crop&q=80&w=1200
FILES custom_landing: Array
(
    [name] => 
    [full_path] => 
    [type] => 
    [tmp_name] => 
    [error] => 4
    [size] => 0
)

--- 2026-02-28 09:56:41 ---
POST landing_image: 
FILES custom_landing: Array
(
    [name] => kali-linux-dark-3840x2160-15965.jpg
    [full_path] => kali-linux-dark-3840x2160-15965.jpg
    [type] => 
    [tmp_name] => 
    [error] => 1
    [size] => 0
)

--- 2026-02-28 10:07:40 ---
POST landing_image: 
FILES custom_landing: Array
(
    [name] => 
    [full_path] => 
    [type] => 
    [tmp_name] => 
    [error] => 4
    [size] => 0
)

--- 2026-02-28 10:11:18 ---
POST landing_image: 
FILES custom_landing: Array
(
    [name] => 
    [full_path] => 
    [type] => 
    [tmp_name] => 
    [error] => 4
    [size] => 0
)

--- 2026-02-28 10:14:06 ---
POST landing_image: https://images.unsplash.com/photo-1616469829581-73993eb86b02?auto=format&fit=crop&q=80&w=1200
FILES custom_landing: Array
(
    [name] => 
    [full_path] => 
    [type] => 
    [tmp_name] => 
    [error] => 4
    [size] => 0
)

--- 2026-02-28 14:13:44 ---
POST landing_image: 
FILES custom_landing: Array
(
    [name] => kali-linux-dark-3840x2160-15965.jpg
    [full_path] => kali-linux-dark-3840x2160-15965.jpg
    [type] => 
    [tmp_name] => 
    [error] => 1
    [size] => 0
)

--- 2026-02-28 14:14:08 ---
POST landing_image: 
FILES custom_landing: Array
(
    [name] => 
    [full_path] => 
    [type] => 
    [tmp_name] => 
    [error] => 4
    [size] => 0
)

--- 2026-02-28 14:16:57 ---
POST landing_image: https://images.unsplash.com/photo-1616469829581-73993eb86b02?auto=format&fit=crop&q=80&w=1200
FILES custom_landing: Array
(
    [name] => 
    [full_path] => 
    [type] => 
    [tmp_name] => 
    [error] => 4
    [size] => 0
)

--- 2026-02-28 14:34:35 ---
POST landing_image: https://images.unsplash.com/photo-1633419461186-7d40a38105ec?auto=format&fit=crop&q=80&w=1200
FILES custom_landing: Array
(
    [name] => 
    [full_path] => 
    [type] => 
    [tmp_name] => 
    [error] => 4
    [size] => 0
)

--- 2026-02-28 14:52:22 ---
POST landing_image: 
FILES custom_landing: Array
(
    [name] => 
    [full_path] => 
    [type] => 
    [tmp_name] => 
    [error] => 4
    [size] => 0
)

